components/3d/HeroCanvas.tsx(22,46): error TS2322: Type '{ opacity: number; speed: number; width: number; depth: number; segments: number; position: [number, number, number]; color: string; }' is not assignable to type 'IntrinsicAttributes & Omit<Mutable<Overwrite<Partial<Overwrite<Group<Object3DEventMap>, MathProps<Group<Object3DEventMap>> & ReactProps<...> & Partial<...>>>, Omit<...>>>, "ref"> & { ...; } & RefAttributes<...>'.
  Property 'width' does not exist on type 'IntrinsicAttributes & Omit<Mutable<Overwrite<Partial<Overwrite<Group<Object3DEventMap>, MathProps<Group<Object3DEventMap>> & ReactProps<...> & Partial<...>>>, Omit<...>>>, "ref"> & { ...; } & RefAttributes<...>'.
components/3d/HeroCanvas.tsx(23,46): error TS2322: Type '{ opacity: number; speed: number; width: number; depth: number; segments: number; position: [number, number, number]; color: string; }' is not assignable to type 'IntrinsicAttributes & Omit<Mutable<Overwrite<Partial<Overwrite<Group<Object3DEventMap>, MathProps<Group<Object3DEventMap>> & ReactProps<...> & Partial<...>>>, Omit<...>>>, "ref"> & { ...; } & RefAttributes<...>'.
  Property 'width' does not exist on type 'IntrinsicAttributes & Omit<Mutable<Overwrite<Partial<Overwrite<Group<Object3DEventMap>, MathProps<Group<Object3DEventMap>> & ReactProps<...> & Partial<...>>>, Omit<...>>>, "ref"> & { ...; } & RefAttributes<...>'.
